Archive member included because of file (symbol)

e:/embeded/avr tools/03-imt sdk/03- imt sdk/imt_sdk_win_64/winavr/bin/../lib/gcc/avr/4.3.3/avr5\libgcc.a(_exit.o)
                              e:/embeded/avr tools/03-imt sdk/03- imt sdk/imt_sdk_win_64/winavr/bin/../lib/gcc/avr/4.3.3/../../../../avr/lib/avr5/crtm32.o (exit)
e:/embeded/avr tools/03-imt sdk/03- imt sdk/imt_sdk_win_64/winavr/bin/../lib/gcc/avr/4.3.3/avr5\libgcc.a(_copy_data.o)
                              ./main.o (__do_copy_data)
e:/embeded/avr tools/03-imt sdk/03- imt sdk/imt_sdk_win_64/winavr/bin/../lib/gcc/avr/4.3.3/avr5\libgcc.a(_clear_bss.o)
                              ./TIMER_programe.o (__do_clear_bss)

Memory Configuration

Name             Origin             Length             Attributes
text             0x00000000         0x00020000         xr
data             0x00800060         0x0000ffa0         rw !x
eeprom           0x00810000         0x00010000         rw !x
fuse             0x00820000         0x00000400         rw !x
lock             0x00830000         0x00000400         rw !x
signature        0x00840000         0x00000400         rw !x
*default*        0x00000000         0xffffffff

Linker script and memory map

LOAD e:/embeded/avr tools/03-imt sdk/03- imt sdk/imt_sdk_win_64/winavr/bin/../lib/gcc/avr/4.3.3/../../../../avr/lib/avr5/crtm32.o
LOAD ./DIO_programe.o
LOAD ./GIE_programe.o
LOAD ./LED_program.o
LOAD ./TIMER_programe.o
LOAD ./main.o
LOAD e:/embeded/avr tools/03-imt sdk/03- imt sdk/imt_sdk_win_64/winavr/bin/../lib/gcc/avr/4.3.3/avr5\libgcc.a
LOAD e:/embeded/avr tools/03-imt sdk/03- imt sdk/imt_sdk_win_64/winavr/bin/../lib/gcc/avr/4.3.3/../../../../avr/lib/avr5\libc.a
LOAD e:/embeded/avr tools/03-imt sdk/03- imt sdk/imt_sdk_win_64/winavr/bin/../lib/gcc/avr/4.3.3/avr5\libgcc.a

.hash
 *(.hash)

.dynsym
 *(.dynsym)

.dynstr
 *(.dynstr)

.gnu.version
 *(.gnu.version)

.gnu.version_d
 *(.gnu.version_d)

.gnu.version_r
 *(.gnu.version_r)

.rel.init
 *(.rel.init)

.rela.init
 *(.rela.init)

.rel.text
 *(.rel.text)
 *(.rel.text.*)
 *(.rel.gnu.linkonce.t*)

.rela.text
 *(.rela.text)
 *(.rela.text.*)
 *(.rela.gnu.linkonce.t*)

.rel.fini
 *(.rel.fini)

.rela.fini
 *(.rela.fini)

.rel.rodata
 *(.rel.rodata)
 *(.rel.rodata.*)
 *(.rel.gnu.linkonce.r*)

.rela.rodata
 *(.rela.rodata)
 *(.rela.rodata.*)
 *(.rela.gnu.linkonce.r*)

.rel.data
 *(.rel.data)
 *(.rel.data.*)
 *(.rel.gnu.linkonce.d*)

.rela.data
 *(.rela.data)
 *(.rela.data.*)
 *(.rela.gnu.linkonce.d*)

.rel.ctors
 *(.rel.ctors)

.rela.ctors
 *(.rela.ctors)

.rel.dtors
 *(.rel.dtors)

.rela.dtors
 *(.rela.dtors)

.rel.got
 *(.rel.got)

.rela.got
 *(.rela.got)

.rel.bss
 *(.rel.bss)

.rela.bss
 *(.rela.bss)

.rel.plt
 *(.rel.plt)

.rela.plt
 *(.rela.plt)

.text           0x00000000     0x104c
 *(.vectors)
 .vectors       0x00000000       0x54 e:/embeded/avr tools/03-imt sdk/03- imt sdk/imt_sdk_win_64/winavr/bin/../lib/gcc/avr/4.3.3/../../../../avr/lib/avr5/crtm32.o
                0x00000000                __vectors
                0x00000000                __vector_default
 *(.vectors)
 *(.progmem.gcc*)
 *(.progmem*)
                0x00000054                . = ALIGN (0x2)
                0x00000054                __trampolines_start = .
 *(.trampolines)
 .trampolines   0x00000054        0x0 linker stubs
 *(.trampolines*)
                0x00000054                __trampolines_end = .
 *(.jumptables)
 *(.jumptables*)
 *(.lowtext)
 *(.lowtext*)
                0x00000054                __ctors_start = .
 *(.ctors)
                0x00000054                __ctors_end = .
                0x00000054                __dtors_start = .
 *(.dtors)
                0x00000054                __dtors_end = .
 SORT(*)(.ctors)
 SORT(*)(.dtors)
 *(.init0)
 .init0         0x00000054        0x0 e:/embeded/avr tools/03-imt sdk/03- imt sdk/imt_sdk_win_64/winavr/bin/../lib/gcc/avr/4.3.3/../../../../avr/lib/avr5/crtm32.o
                0x00000054                __init
 *(.init0)
 *(.init1)
 *(.init1)
 *(.init2)
 .init2         0x00000054        0xc e:/embeded/avr tools/03-imt sdk/03- imt sdk/imt_sdk_win_64/winavr/bin/../lib/gcc/avr/4.3.3/../../../../avr/lib/avr5/crtm32.o
 *(.init2)
 *(.init3)
 *(.init3)
 *(.init4)
 .init4         0x00000060       0x16 e:/embeded/avr tools/03-imt sdk/03- imt sdk/imt_sdk_win_64/winavr/bin/../lib/gcc/avr/4.3.3/avr5\libgcc.a(_copy_data.o)
                0x00000060                __do_copy_data
 .init4         0x00000076       0x10 e:/embeded/avr tools/03-imt sdk/03- imt sdk/imt_sdk_win_64/winavr/bin/../lib/gcc/avr/4.3.3/avr5\libgcc.a(_clear_bss.o)
                0x00000076                __do_clear_bss
 *(.init4)
 *(.init5)
 *(.init5)
 *(.init6)
 *(.init6)
 *(.init7)
 *(.init7)
 *(.init8)
 *(.init8)
 *(.init9)
 .init9         0x00000086        0x8 e:/embeded/avr tools/03-imt sdk/03- imt sdk/imt_sdk_win_64/winavr/bin/../lib/gcc/avr/4.3.3/../../../../avr/lib/avr5/crtm32.o
 *(.init9)
 *(.text)
 .text          0x0000008e        0x4 e:/embeded/avr tools/03-imt sdk/03- imt sdk/imt_sdk_win_64/winavr/bin/../lib/gcc/avr/4.3.3/../../../../avr/lib/avr5/crtm32.o
                0x0000008e                __vector_1
                0x0000008e                __vector_12
                0x0000008e                __bad_interrupt
                0x0000008e                __vector_6
                0x0000008e                __vector_3
                0x0000008e                __vector_13
                0x0000008e                __vector_17
                0x0000008e                __vector_19
                0x0000008e                __vector_7
                0x0000008e                __vector_9
                0x0000008e                __vector_2
                0x0000008e                __vector_15
                0x0000008e                __vector_8
                0x0000008e                __vector_14
                0x0000008e                __vector_16
                0x0000008e                __vector_18
                0x0000008e                __vector_20
 .text          0x00000092        0x0 ./DIO_programe.o
 .text          0x00000092        0x0 ./GIE_programe.o
 .text          0x00000092        0x0 ./LED_program.o
 .text          0x00000092        0x0 ./TIMER_programe.o
 .text          0x00000092        0x0 ./main.o
 .text          0x00000092        0x0 e:/embeded/avr tools/03-imt sdk/03- imt sdk/imt_sdk_win_64/winavr/bin/../lib/gcc/avr/4.3.3/avr5\libgcc.a(_exit.o)
 .text          0x00000092        0x0 e:/embeded/avr tools/03-imt sdk/03- imt sdk/imt_sdk_win_64/winavr/bin/../lib/gcc/avr/4.3.3/avr5\libgcc.a(_copy_data.o)
 .text          0x00000092        0x0 e:/embeded/avr tools/03-imt sdk/03- imt sdk/imt_sdk_win_64/winavr/bin/../lib/gcc/avr/4.3.3/avr5\libgcc.a(_clear_bss.o)
                0x00000092                . = ALIGN (0x2)
 *(.text.*)
 .text.DIO_setpindirection
                0x00000092      0x21e ./DIO_programe.o
                0x00000092                DIO_setpindirection
 .text.DIO_setpinvalue
                0x000002b0      0x21c ./DIO_programe.o
                0x000002b0                DIO_setpinvalue
 .text.DIO_getpinvalue
                0x000004cc      0x18a ./DIO_programe.o
                0x000004cc                DIO_getpinvalue
 .text.DIO_togelpinvalue
                0x00000656      0x118 ./DIO_programe.o
                0x00000656                DIO_togelpinvalue
 .text.DIO_setportdirection
                0x0000076e       0x96 ./DIO_programe.o
                0x0000076e                DIO_setportdirection
 .text.DIO_setportvalue
                0x00000804       0x96 ./DIO_programe.o
                0x00000804                DIO_setportvalue
 .text.DIO_getportvalue
                0x0000089a       0xaa ./DIO_programe.o
                0x0000089a                DIO_getportvalue
 .text.DIO_togelportvalue
                0x00000944       0xaa ./DIO_programe.o
                0x00000944                DIO_togelportvalue
 .text.DIO_writehighnibles
                0x000009ee       0xd0 ./DIO_programe.o
                0x000009ee                DIO_writehighnibles
 .text.DIO_writelownibles
                0x00000abe       0xce ./DIO_programe.o
                0x00000abe                DIO_writelownibles
 .text.GIE_enable
                0x00000b8c       0x1c ./GIE_programe.o
                0x00000b8c                GIE_enable
 .text.GIE_disable
                0x00000ba8       0x1c ./GIE_programe.o
                0x00000ba8                GIE_disable
 .text.LED_init
                0x00000bc4       0x2a ./LED_program.o
                0x00000bc4                LED_init
 .text.LED_turnon
                0x00000bee       0x3e ./LED_program.o
                0x00000bee                LED_turnon
 .text.LED_turnoff
                0x00000c2c       0x3e ./LED_program.o
                0x00000c2c                LED_turnoff
 .text.LED_togel
                0x00000c6a       0x28 ./LED_program.o
                0x00000c6a                LED_togel
 .text.TIMER0_init
                0x00000c92       0x5c ./TIMER_programe.o
                0x00000c92                TIMER0_init
 .text.TIMER2_init
                0x00000cee       0x82 ./TIMER_programe.o
                0x00000cee                TIMER2_init
 .text.SET_CALLBACK
                0x00000d70       0x54 ./TIMER_programe.o
                0x00000d70                SET_CALLBACK
 .text.__vector_11
                0x00000dc4       0x66 ./TIMER_programe.o
                0x00000dc4                __vector_11
 .text.__vector_10
                0x00000e2a       0x66 ./TIMER_programe.o
                0x00000e2a                __vector_10
 .text.__vector_4
                0x00000e90       0x66 ./TIMER_programe.o
                0x00000e90                __vector_4
 .text.__vector_5
                0x00000ef6       0x66 ./TIMER_programe.o
                0x00000ef6                __vector_5
 .text.init     0x00000f5c       0x36 ./main.o
                0x00000f5c                init
 .text.func_OV  0x00000f92       0x48 ./main.o
                0x00000f92                func_OV
 .text.func_COMP
                0x00000fda       0x48 ./main.o
                0x00000fda                func_COMP
 .text.main     0x00001022       0x26 ./main.o
                0x00001022                main
 .text.libgcc   0x00001048        0x0 e:/embeded/avr tools/03-imt sdk/03- imt sdk/imt_sdk_win_64/winavr/bin/../lib/gcc/avr/4.3.3/avr5\libgcc.a(_exit.o)
 .text.libgcc   0x00001048        0x0 e:/embeded/avr tools/03-imt sdk/03- imt sdk/imt_sdk_win_64/winavr/bin/../lib/gcc/avr/4.3.3/avr5\libgcc.a(_copy_data.o)
 .text.libgcc   0x00001048        0x0 e:/embeded/avr tools/03-imt sdk/03- imt sdk/imt_sdk_win_64/winavr/bin/../lib/gcc/avr/4.3.3/avr5\libgcc.a(_clear_bss.o)
                0x00001048                . = ALIGN (0x2)
 *(.fini9)
 .fini9         0x00001048        0x0 e:/embeded/avr tools/03-imt sdk/03- imt sdk/imt_sdk_win_64/winavr/bin/../lib/gcc/avr/4.3.3/avr5\libgcc.a(_exit.o)
                0x00001048                exit
                0x00001048                _exit
 *(.fini9)
 *(.fini8)
 *(.fini8)
 *(.fini7)
 *(.fini7)
 *(.fini6)
 *(.fini6)
 *(.fini5)
 *(.fini5)
 *(.fini4)
 *(.fini4)
 *(.fini3)
 *(.fini3)
 *(.fini2)
 *(.fini2)
 *(.fini1)
 *(.fini1)
 *(.fini0)
 .fini0         0x00001048        0x4 e:/embeded/avr tools/03-imt sdk/03- imt sdk/imt_sdk_win_64/winavr/bin/../lib/gcc/avr/4.3.3/avr5\libgcc.a(_exit.o)
 *(.fini0)
                0x0000104c                _etext = .

.data           0x00800060        0x6 load address 0x0000104c
                0x00800060                PROVIDE (__data_start, .)
 *(.data)
 .data          0x00800060        0x0 e:/embeded/avr tools/03-imt sdk/03- imt sdk/imt_sdk_win_64/winavr/bin/../lib/gcc/avr/4.3.3/../../../../avr/lib/avr5/crtm32.o
 .data          0x00800060        0x0 ./DIO_programe.o
 .data          0x00800060        0x0 ./GIE_programe.o
 .data          0x00800060        0x0 ./LED_program.o
 .data          0x00800060        0x0 ./TIMER_programe.o
 .data          0x00800060        0x0 ./main.o
 .data          0x00800060        0x0 e:/embeded/avr tools/03-imt sdk/03- imt sdk/imt_sdk_win_64/winavr/bin/../lib/gcc/avr/4.3.3/avr5\libgcc.a(_exit.o)
 .data          0x00800060        0x0 e:/embeded/avr tools/03-imt sdk/03- imt sdk/imt_sdk_win_64/winavr/bin/../lib/gcc/avr/4.3.3/avr5\libgcc.a(_copy_data.o)
 .data          0x00800060        0x0 e:/embeded/avr tools/03-imt sdk/03- imt sdk/imt_sdk_win_64/winavr/bin/../lib/gcc/avr/4.3.3/avr5\libgcc.a(_clear_bss.o)
 *(.data*)
 .data.led1     0x00800060        0x3 ./main.o
                0x00800060                led1
 .data.led2     0x00800063        0x3 ./main.o
                0x00800063                led2
 *(.rodata)
 *(.rodata*)
 *(.gnu.linkonce.d*)
                0x00800066                . = ALIGN (0x2)
                0x00800066                _edata = .
                0x00800066                PROVIDE (__data_end, .)

.bss            0x00800066       0x24
                0x00800066                PROVIDE (__bss_start, .)
 *(.bss)
 .bss           0x00800066        0x0 e:/embeded/avr tools/03-imt sdk/03- imt sdk/imt_sdk_win_64/winavr/bin/../lib/gcc/avr/4.3.3/../../../../avr/lib/avr5/crtm32.o
 .bss           0x00800066        0x0 ./DIO_programe.o
 .bss           0x00800066        0x0 ./GIE_programe.o
 .bss           0x00800066        0x0 ./LED_program.o
 .bss           0x00800066        0x0 ./TIMER_programe.o
 .bss           0x00800066        0x0 ./main.o
 .bss           0x00800066        0x0 e:/embeded/avr tools/03-imt sdk/03- imt sdk/imt_sdk_win_64/winavr/bin/../lib/gcc/avr/4.3.3/avr5\libgcc.a(_exit.o)
 .bss           0x00800066        0x0 e:/embeded/avr tools/03-imt sdk/03- imt sdk/imt_sdk_win_64/winavr/bin/../lib/gcc/avr/4.3.3/avr5\libgcc.a(_copy_data.o)
 .bss           0x00800066        0x0 e:/embeded/avr tools/03-imt sdk/03- imt sdk/imt_sdk_win_64/winavr/bin/../lib/gcc/avr/4.3.3/avr5\libgcc.a(_clear_bss.o)
 *(.bss*)
 .bss.func      0x00800066       0x20 ./TIMER_programe.o
                0x00800066                func
 .bss.counter_ov
                0x00800086        0x2 ./main.o
                0x00800086                counter_ov
 .bss.counter_comp
                0x00800088        0x2 ./main.o
                0x00800088                counter_comp
 *(COMMON)
                0x0080008a                PROVIDE (__bss_end, .)
                0x0000104c                __data_load_start = LOADADDR (.data)
                0x00001052                __data_load_end = (__data_load_start + SIZEOF (.data))

.noinit         0x0080008a        0x0
                0x0080008a                PROVIDE (__noinit_start, .)
 *(.noinit*)
                0x0080008a                PROVIDE (__noinit_end, .)
                0x0080008a                _end = .
                0x0080008a                PROVIDE (__heap_start, .)

.eeprom         0x00810000        0x0
 *(.eeprom*)
                0x00810000                __eeprom_end = .

.fuse
 *(.fuse)
 *(.lfuse)
 *(.hfuse)
 *(.efuse)

.lock
 *(.lock*)

.signature
 *(.signature*)

.stab           0x00000000     0x1410
 *(.stab)
 .stab          0x00000000      0xa98 ./DIO_programe.o
 .stab          0x00000a98      0x144 ./GIE_programe.o
                                0x1e0 (size before relaxing)
 .stab          0x00000bdc      0x234 ./LED_program.o
                                0x2f4 (size before relaxing)
 .stab          0x00000e10      0x39c ./TIMER_programe.o
                                0x45c (size before relaxing)
 .stab          0x000011ac      0x264 ./main.o
                                0x318 (size before relaxing)

.stabstr        0x00000000      0x7d3
 *(.stabstr)
 .stabstr       0x00000000      0x7d3 ./DIO_programe.o

.stab.excl
 *(.stab.excl)

.stab.exclstr
 *(.stab.exclstr)

.stab.index
 *(.stab.index)

.stab.indexstr
 *(.stab.indexstr)

.comment
 *(.comment)

.debug
 *(.debug)

.line
 *(.line)

.debug_srcinfo
 *(.debug_srcinfo)

.debug_sfnames
 *(.debug_sfnames)

.debug_aranges
 *(.debug_aranges)

.debug_pubnames
 *(.debug_pubnames)

.debug_info
 *(.debug_info)
 *(.gnu.linkonce.wi.*)

.debug_abbrev
 *(.debug_abbrev)

.debug_line
 *(.debug_line)

.debug_frame
 *(.debug_frame)

.debug_str
 *(.debug_str)

.debug_loc
 *(.debug_loc)

.debug_macinfo
 *(.debug_macinfo)
OUTPUT(TIMER0_ovr.elf elf32-avr)
LOAD linker stubs
