Archive member included because of file (symbol)

e:/embeded/avr tools/03-imt sdk/03- imt sdk/imt_sdk_win_64/winavr/bin/../lib/gcc/avr/4.3.3/avr5\libgcc.a(_exit.o)
                              e:/embeded/avr tools/03-imt sdk/03- imt sdk/imt_sdk_win_64/winavr/bin/../lib/gcc/avr/4.3.3/../../../../avr/lib/avr5/crtm32.o (exit)
e:/embeded/avr tools/03-imt sdk/03- imt sdk/imt_sdk_win_64/winavr/bin/../lib/gcc/avr/4.3.3/avr5\libgcc.a(_copy_data.o)
                              ./main.o (__do_copy_data)
e:/embeded/avr tools/03-imt sdk/03- imt sdk/imt_sdk_win_64/winavr/bin/../lib/gcc/avr/4.3.3/avr5\libgcc.a(_clear_bss.o)
                              ./TIMER_programe.o (__do_clear_bss)
e:/embeded/avr tools/03-imt sdk/03- imt sdk/imt_sdk_win_64/winavr/bin/../lib/gcc/avr/4.3.3/../../../../avr/lib/avr5\libc.a(memcpy.o)
                              ./queue.o (memcpy)
e:/embeded/avr tools/03-imt sdk/03- imt sdk/imt_sdk_win_64/winavr/bin/../lib/gcc/avr/4.3.3/../../../../avr/lib/avr5\libc.a(memset.o)
                              ./tasks.o (memset)
e:/embeded/avr tools/03-imt sdk/03- imt sdk/imt_sdk_win_64/winavr/bin/../lib/gcc/avr/4.3.3/../../../../avr/lib/avr5\libc.a(strncpy.o)
                              ./tasks.o (strncpy)

Memory Configuration

Name             Origin             Length             Attributes
text             0x00000000         0x00020000         xr
data             0x00800060         0x0000ffa0         rw !x
eeprom           0x00810000         0x00010000         rw !x
fuse             0x00820000         0x00000400         rw !x
lock             0x00830000         0x00000400         rw !x
signature        0x00840000         0x00000400         rw !x
*default*        0x00000000         0xffffffff

Linker script and memory map

LOAD e:/embeded/avr tools/03-imt sdk/03- imt sdk/imt_sdk_win_64/winavr/bin/../lib/gcc/avr/4.3.3/../../../../avr/lib/avr5/crtm32.o
LOAD ./DIO_programe.o
LOAD ./LED_program.o
LOAD ./TIMER_programe.o
LOAD ./croutine.o
LOAD ./heap_1.o
LOAD ./list.o
LOAD ./main.o
LOAD ./port.o
LOAD ./queue.o
LOAD ./tasks.o
LOAD ./timers.o
LOAD e:/embeded/avr tools/03-imt sdk/03- imt sdk/imt_sdk_win_64/winavr/bin/../lib/gcc/avr/4.3.3/avr5\libgcc.a
LOAD e:/embeded/avr tools/03-imt sdk/03- imt sdk/imt_sdk_win_64/winavr/bin/../lib/gcc/avr/4.3.3/../../../../avr/lib/avr5\libc.a
LOAD e:/embeded/avr tools/03-imt sdk/03- imt sdk/imt_sdk_win_64/winavr/bin/../lib/gcc/avr/4.3.3/avr5\libgcc.a

.hash
 *(.hash)

.dynsym
 *(.dynsym)

.dynstr
 *(.dynstr)

.gnu.version
 *(.gnu.version)

.gnu.version_d
 *(.gnu.version_d)

.gnu.version_r
 *(.gnu.version_r)

.rel.init
 *(.rel.init)

.rela.init
 *(.rela.init)

.rel.text
 *(.rel.text)
 *(.rel.text.*)
 *(.rel.gnu.linkonce.t*)

.rela.text
 *(.rela.text)
 *(.rela.text.*)
 *(.rela.gnu.linkonce.t*)

.rel.fini
 *(.rel.fini)

.rela.fini
 *(.rela.fini)

.rel.rodata
 *(.rel.rodata)
 *(.rel.rodata.*)
 *(.rel.gnu.linkonce.r*)

.rela.rodata
 *(.rela.rodata)
 *(.rela.rodata.*)
 *(.rela.gnu.linkonce.r*)

.rel.data
 *(.rel.data)
 *(.rel.data.*)
 *(.rel.gnu.linkonce.d*)

.rela.data
 *(.rela.data)
 *(.rela.data.*)
 *(.rela.gnu.linkonce.d*)

.rel.ctors
 *(.rel.ctors)

.rela.ctors
 *(.rela.ctors)

.rel.dtors
 *(.rel.dtors)

.rela.dtors
 *(.rela.dtors)

.rel.got
 *(.rel.got)

.rela.got
 *(.rela.got)

.rel.bss
 *(.rel.bss)

.rela.bss
 *(.rela.bss)

.rel.plt
 *(.rel.plt)

.rela.plt
 *(.rela.plt)

.text           0x00000000     0x373e
 *(.vectors)
 .vectors       0x00000000       0x54 e:/embeded/avr tools/03-imt sdk/03- imt sdk/imt_sdk_win_64/winavr/bin/../lib/gcc/avr/4.3.3/../../../../avr/lib/avr5/crtm32.o
                0x00000000                __vectors
                0x00000000                __vector_default
 *(.vectors)
 *(.progmem.gcc*)
 *(.progmem*)
                0x00000054                . = ALIGN (0x2)
                0x00000054                __trampolines_start = .
 *(.trampolines)
 .trampolines   0x00000054        0x0 linker stubs
 *(.trampolines*)
                0x00000054                __trampolines_end = .
 *(.jumptables)
 *(.jumptables*)
 *(.lowtext)
 *(.lowtext*)
                0x00000054                __ctors_start = .
 *(.ctors)
                0x00000054                __ctors_end = .
                0x00000054                __dtors_start = .
 *(.dtors)
                0x00000054                __dtors_end = .
 SORT(*)(.ctors)
 SORT(*)(.dtors)
 *(.init0)
 .init0         0x00000054        0x0 e:/embeded/avr tools/03-imt sdk/03- imt sdk/imt_sdk_win_64/winavr/bin/../lib/gcc/avr/4.3.3/../../../../avr/lib/avr5/crtm32.o
                0x00000054                __init
 *(.init0)
 *(.init1)
 *(.init1)
 *(.init2)
 .init2         0x00000054        0xc e:/embeded/avr tools/03-imt sdk/03- imt sdk/imt_sdk_win_64/winavr/bin/../lib/gcc/avr/4.3.3/../../../../avr/lib/avr5/crtm32.o
 *(.init2)
 *(.init3)
 *(.init3)
 *(.init4)
 .init4         0x00000060       0x16 e:/embeded/avr tools/03-imt sdk/03- imt sdk/imt_sdk_win_64/winavr/bin/../lib/gcc/avr/4.3.3/avr5\libgcc.a(_copy_data.o)
                0x00000060                __do_copy_data
 .init4         0x00000076       0x10 e:/embeded/avr tools/03-imt sdk/03- imt sdk/imt_sdk_win_64/winavr/bin/../lib/gcc/avr/4.3.3/avr5\libgcc.a(_clear_bss.o)
                0x00000076                __do_clear_bss
 *(.init4)
 *(.init5)
 *(.init5)
 *(.init6)
 *(.init6)
 *(.init7)
 *(.init7)
 *(.init8)
 *(.init8)
 *(.init9)
 .init9         0x00000086        0x8 e:/embeded/avr tools/03-imt sdk/03- imt sdk/imt_sdk_win_64/winavr/bin/../lib/gcc/avr/4.3.3/../../../../avr/lib/avr5/crtm32.o
 *(.init9)
 *(.text)
 .text          0x0000008e        0x4 e:/embeded/avr tools/03-imt sdk/03- imt sdk/imt_sdk_win_64/winavr/bin/../lib/gcc/avr/4.3.3/../../../../avr/lib/avr5/crtm32.o
                0x0000008e                __vector_1
                0x0000008e                __vector_12
                0x0000008e                __bad_interrupt
                0x0000008e                __vector_3
                0x0000008e                __vector_13
                0x0000008e                __vector_17
                0x0000008e                __vector_19
                0x0000008e                __vector_9
                0x0000008e                __vector_2
                0x0000008e                __vector_15
                0x0000008e                __vector_8
                0x0000008e                __vector_14
                0x0000008e                __vector_16
                0x0000008e                __vector_18
                0x0000008e                __vector_20
 .text          0x00000092        0x0 ./DIO_programe.o
 .text          0x00000092        0x0 ./LED_program.o
 .text          0x00000092        0x0 ./TIMER_programe.o
 .text          0x00000092        0x0 ./croutine.o
 .text          0x00000092        0x0 ./heap_1.o
 .text          0x00000092        0x0 ./list.o
 .text          0x00000092        0x0 ./main.o
 .text          0x00000092        0x0 ./port.o
 .text          0x00000092        0x0 ./queue.o
 .text          0x00000092        0x0 ./tasks.o
 .text          0x00000092        0x0 ./timers.o
 .text          0x00000092        0x0 e:/embeded/avr tools/03-imt sdk/03- imt sdk/imt_sdk_win_64/winavr/bin/../lib/gcc/avr/4.3.3/avr5\libgcc.a(_exit.o)
 .text          0x00000092        0x0 e:/embeded/avr tools/03-imt sdk/03- imt sdk/imt_sdk_win_64/winavr/bin/../lib/gcc/avr/4.3.3/avr5\libgcc.a(_copy_data.o)
 .text          0x00000092        0x0 e:/embeded/avr tools/03-imt sdk/03- imt sdk/imt_sdk_win_64/winavr/bin/../lib/gcc/avr/4.3.3/avr5\libgcc.a(_clear_bss.o)
 .text          0x00000092        0x0 e:/embeded/avr tools/03-imt sdk/03- imt sdk/imt_sdk_win_64/winavr/bin/../lib/gcc/avr/4.3.3/../../../../avr/lib/avr5\libc.a(memcpy.o)
 .text          0x00000092        0x0 e:/embeded/avr tools/03-imt sdk/03- imt sdk/imt_sdk_win_64/winavr/bin/../lib/gcc/avr/4.3.3/../../../../avr/lib/avr5\libc.a(memset.o)
 .text          0x00000092        0x0 e:/embeded/avr tools/03-imt sdk/03- imt sdk/imt_sdk_win_64/winavr/bin/../lib/gcc/avr/4.3.3/../../../../avr/lib/avr5\libc.a(strncpy.o)
                0x00000092                . = ALIGN (0x2)
 *(.text.*)
 .text.DIO_setpindirection
                0x00000092      0x21e ./DIO_programe.o
                0x00000092                DIO_setpindirection
 .text.DIO_setpinvalue
                0x000002b0      0x21c ./DIO_programe.o
                0x000002b0                DIO_setpinvalue
 .text.DIO_getpinvalue
                0x000004cc      0x18a ./DIO_programe.o
                0x000004cc                DIO_getpinvalue
 .text.DIO_togelpinvalue
                0x00000656      0x118 ./DIO_programe.o
                0x00000656                DIO_togelpinvalue
 .text.DIO_setportdirection
                0x0000076e       0x96 ./DIO_programe.o
                0x0000076e                DIO_setportdirection
 .text.DIO_setportvalue
                0x00000804       0x96 ./DIO_programe.o
                0x00000804                DIO_setportvalue
 .text.DIO_getportvalue
                0x0000089a       0xaa ./DIO_programe.o
                0x0000089a                DIO_getportvalue
 .text.DIO_togelportvalue
                0x00000944       0xaa ./DIO_programe.o
                0x00000944                DIO_togelportvalue
 .text.DIO_writehighnibles
                0x000009ee       0xd0 ./DIO_programe.o
                0x000009ee                DIO_writehighnibles
 .text.DIO_writelownibles
                0x00000abe       0xce ./DIO_programe.o
                0x00000abe                DIO_writelownibles
 .text.LED_init
                0x00000b8c       0x2a ./LED_program.o
                0x00000b8c                LED_init
 .text.LED_turnon
                0x00000bb6       0x3e ./LED_program.o
                0x00000bb6                LED_turnon
 .text.LED_turnoff
                0x00000bf4       0x3e ./LED_program.o
                0x00000bf4                LED_turnoff
 .text.LED_togel
                0x00000c32       0x28 ./LED_program.o
                0x00000c32                LED_togel
 .text.TIMER0_init
                0x00000c5a       0x74 ./TIMER_programe.o
                0x00000c5a                TIMER0_init
 .text.TIMER1   0x00000cce       0x62 ./TIMER_programe.o
                0x00000cce                TIMER1
 .text.TIMER2_init
                0x00000d30       0x74 ./TIMER_programe.o
                0x00000d30                TIMER2_init
 .text.SET_CALLBACK
                0x00000da4       0x54 ./TIMER_programe.o
                0x00000da4                SET_CALLBACK
 .text.TIMER_ICUtriger
                0x00000df8       0x4c ./TIMER_programe.o
                0x00000df8                TIMER_ICUtriger
 .text.__vector_11
                0x00000e44       0x66 ./TIMER_programe.o
                0x00000e44                __vector_11
 .text.__vector_10
                0x00000eaa       0x66 ./TIMER_programe.o
                0x00000eaa                __vector_10
 .text.__vector_6
                0x00000f10       0x66 ./TIMER_programe.o
                0x00000f10                __vector_6
 .text.__vector_4
                0x00000f76       0x66 ./TIMER_programe.o
                0x00000f76                __vector_4
 .text.__vector_5
                0x00000fdc       0x66 ./TIMER_programe.o
                0x00000fdc                __vector_5
 .text.xCoRoutineCreate
                0x00001042      0x128 ./croutine.o
                0x00001042                xCoRoutineCreate
 .text.vCoRoutineAddToDelayedList
                0x0000116a       0xc2 ./croutine.o
                0x0000116a                vCoRoutineAddToDelayedList
 .text.prvCheckPendingReadyList
                0x0000122c       0x94 ./croutine.o
 .text.prvCheckDelayedList
                0x000012c0      0x15c ./croutine.o
 .text.vCoRoutineSchedule
                0x0000141c       0xf4 ./croutine.o
                0x0000141c                vCoRoutineSchedule
 .text.prvInitialiseCoRoutineLists
                0x00001510       0x72 ./croutine.o
 .text.xCoRoutineRemoveFromEventList
                0x00001582       0x70 ./croutine.o
                0x00001582                xCoRoutineRemoveFromEventList
 .text.pvPortMalloc
                0x000015f2       0x8c ./heap_1.o
                0x000015f2                pvPortMalloc
 .text.vPortFree
                0x0000167e       0x18 ./heap_1.o
                0x0000167e                vPortFree
 .text.vPortInitialiseBlocks
                0x00001696       0x16 ./heap_1.o
                0x00001696                vPortInitialiseBlocks
 .text.xPortGetFreeHeapSize
                0x000016ac       0x1e ./heap_1.o
                0x000016ac                xPortGetFreeHeapSize
 .text.vListInitialise
                0x000016ca       0x54 ./list.o
                0x000016ca                vListInitialise
 .text.vListInitialiseItem
                0x0000171e       0x20 ./list.o
                0x0000171e                vListInitialiseItem
 .text.vListInsertEnd
                0x0000173e       0x98 ./list.o
                0x0000173e                vListInsertEnd
 .text.vListInsert
                0x000017d6       0xd8 ./list.o
                0x000017d6                vListInsert
 .text.vListRemove
                0x000018ae       0x92 ./list.o
                0x000018ae                vListRemove
 .text.LED1_func
                0x00001940       0x28 ./main.o
                0x00001940                LED1_func
 .text.LED2_func
                0x00001968       0x28 ./main.o
                0x00001968                LED2_func
 .text.LED3_func
                0x00001990       0x28 ./main.o
                0x00001990                LED3_func
 .text.main     0x000019b8       0xc8 ./main.o
                0x000019b8                main
 .text.pxPortInitialiseStack
                0x00001a80      0x306 ./port.o
                0x00001a80                pxPortInitialiseStack
 .text.xPortStartScheduler
                0x00001d86       0x6a ./port.o
                0x00001d86                xPortStartScheduler
 .text.vPortEndScheduler
                0x00001df0        0xe ./port.o
                0x00001df0                vPortEndScheduler
 .text.vPortYield
                0x00001dfe       0xb2 ./port.o
                0x00001dfe                vPortYield
 .text.vPortYieldFromTick
                0x00001eb0       0xb6 ./port.o
                0x00001eb0                vPortYieldFromTick
 .text.prvSetupTimerInterrupt
                0x00001f66       0xb8 ./port.o
 .text.__vector_7
                0x0000201e        0x6 ./port.o
                0x0000201e                __vector_7
 .text.xQueueCreate
                0x00002024      0x152 ./queue.o
                0x00002024                xQueueCreate
 .text.xQueueGenericSend
                0x00002176      0x13c ./queue.o
                0x00002176                xQueueGenericSend
 .text.xQueueGenericSendFromISR
                0x000022b2       0x9a ./queue.o
                0x000022b2                xQueueGenericSendFromISR
 .text.xQueueGenericReceive
                0x0000234c      0x180 ./queue.o
                0x0000234c                xQueueGenericReceive
 .text.xQueueReceiveFromISR
                0x000024cc       0x9e ./queue.o
                0x000024cc                xQueueReceiveFromISR
 .text.uxQueueMessagesWaiting
                0x0000256a       0x30 ./queue.o
                0x0000256a                uxQueueMessagesWaiting
 .text.uxQueueMessagesWaitingFromISR
                0x0000259a       0x26 ./queue.o
                0x0000259a                uxQueueMessagesWaitingFromISR
 .text.vQueueDelete
                0x000025c0       0x2c ./queue.o
                0x000025c0                vQueueDelete
 .text.prvCopyDataToQueue
                0x000025ec      0x12a ./queue.o
 .text.prvCopyDataFromQueue
                0x00002716       0x90 ./queue.o
 .text.prvUnlockQueue
                0x000027a6       0xa8 ./queue.o
 .text.prvIsQueueEmpty
                0x0000284e       0x38 ./queue.o
 .text.xQueueIsQueueEmptyFromISR
                0x00002886       0x2e ./queue.o
                0x00002886                xQueueIsQueueEmptyFromISR
 .text.prvIsQueueFull
                0x000028b4       0x3e ./queue.o
 .text.xQueueIsQueueFullFromISR
                0x000028f2       0x34 ./queue.o
                0x000028f2                xQueueIsQueueFullFromISR
 .text.xTaskGenericCreate
                0x00002926      0x1da ./tasks.o
                0x00002926                xTaskGenericCreate
 .text.vTaskDelete
                0x00002b00       0xc6 ./tasks.o
                0x00002b00                vTaskDelete
 .text.vTaskDelayUntil
                0x00002bc6       0xe8 ./tasks.o
                0x00002bc6                vTaskDelayUntil
 .text.vTaskDelay
                0x00002cae       0x6a ./tasks.o
                0x00002cae                vTaskDelay
 .text.vTaskStartScheduler
                0x00002d18       0x6e ./tasks.o
                0x00002d18                vTaskStartScheduler
 .text.vTaskEndScheduler
                0x00002d86       0x18 ./tasks.o
                0x00002d86                vTaskEndScheduler
 .text.vTaskSuspendAll
                0x00002d9e       0x18 ./tasks.o
                0x00002d9e                vTaskSuspendAll
 .text.xTaskResumeAll
                0x00002db6      0x114 ./tasks.o
                0x00002db6                xTaskResumeAll
 .text.xTaskGetTickCount
                0x00002eca       0x2e ./tasks.o
                0x00002eca                xTaskGetTickCount
 .text.xTaskGetTickCountFromISR
                0x00002ef8       0x2a ./tasks.o
                0x00002ef8                xTaskGetTickCountFromISR
 .text.uxTaskGetNumberOfTasks
                0x00002f22       0x12 ./tasks.o
                0x00002f22                uxTaskGetNumberOfTasks
 .text.vTaskIncrementTick
                0x00002f34      0x1aa ./tasks.o
                0x00002f34                vTaskIncrementTick
 .text.vTaskSwitchContext
                0x000030de       0xcc ./tasks.o
                0x000030de                vTaskSwitchContext
 .text.vTaskPlaceOnEventList
                0x000031aa       0x6c ./tasks.o
                0x000031aa                vTaskPlaceOnEventList
 .text.xTaskRemoveFromEventList
                0x00003216       0xd0 ./tasks.o
                0x00003216                xTaskRemoveFromEventList
 .text.vTaskSetTimeOutState
                0x000032e6       0x32 ./tasks.o
                0x000032e6                vTaskSetTimeOutState
 .text.xTaskCheckForTimeOut
                0x00003318       0xba ./tasks.o
                0x00003318                xTaskCheckForTimeOut
 .text.vTaskMissedYield
                0x000033d2       0x14 ./tasks.o
                0x000033d2                vTaskMissedYield
 .text.prvIdleTask
                0x000033e6       0x14 ./tasks.o
 .text.prvInitialiseTCBVariables
                0x000033fa       0xae ./tasks.o
 .text.prvInitialiseTaskLists
                0x000034a8       0x7a ./tasks.o
 .text.prvCheckTasksWaitingTermination
                0x00003522       0x7c ./tasks.o
 .text.prvAddCurrentTaskToDelayedList
                0x0000359e       0x92 ./tasks.o
 .text.prvAllocateTCBAndStack
                0x00003630       0xa0 ./tasks.o
 .text.prvDeleteTCB
                0x000036d0       0x2c ./tasks.o
 .text.libgcc   0x000036fc        0x0 e:/embeded/avr tools/03-imt sdk/03- imt sdk/imt_sdk_win_64/winavr/bin/../lib/gcc/avr/4.3.3/avr5\libgcc.a(_exit.o)
 .text.libgcc   0x000036fc        0x0 e:/embeded/avr tools/03-imt sdk/03- imt sdk/imt_sdk_win_64/winavr/bin/../lib/gcc/avr/4.3.3/avr5\libgcc.a(_copy_data.o)
 .text.libgcc   0x000036fc        0x0 e:/embeded/avr tools/03-imt sdk/03- imt sdk/imt_sdk_win_64/winavr/bin/../lib/gcc/avr/4.3.3/avr5\libgcc.a(_clear_bss.o)
 .text.avr-libc
                0x000036fc       0x12 e:/embeded/avr tools/03-imt sdk/03- imt sdk/imt_sdk_win_64/winavr/bin/../lib/gcc/avr/4.3.3/../../../../avr/lib/avr5\libc.a(memcpy.o)
                0x000036fc                memcpy
 .text.avr-libc
                0x0000370e        0xe e:/embeded/avr tools/03-imt sdk/03- imt sdk/imt_sdk_win_64/winavr/bin/../lib/gcc/avr/4.3.3/../../../../avr/lib/avr5\libc.a(memset.o)
                0x0000370e                memset
 .text.avr-libc
                0x0000371c       0x1e e:/embeded/avr tools/03-imt sdk/03- imt sdk/imt_sdk_win_64/winavr/bin/../lib/gcc/avr/4.3.3/../../../../avr/lib/avr5\libc.a(strncpy.o)
                0x0000371c                strncpy
                0x0000373a                . = ALIGN (0x2)
 *(.fini9)
 .fini9         0x0000373a        0x0 e:/embeded/avr tools/03-imt sdk/03- imt sdk/imt_sdk_win_64/winavr/bin/../lib/gcc/avr/4.3.3/avr5\libgcc.a(_exit.o)
                0x0000373a                exit
                0x0000373a                _exit
 *(.fini9)
 *(.fini8)
 *(.fini8)
 *(.fini7)
 *(.fini7)
 *(.fini6)
 *(.fini6)
 *(.fini5)
 *(.fini5)
 *(.fini4)
 *(.fini4)
 *(.fini3)
 *(.fini3)
 *(.fini2)
 *(.fini2)
 *(.fini1)
 *(.fini1)
 *(.fini0)
 .fini0         0x0000373a        0x4 e:/embeded/avr tools/03-imt sdk/03- imt sdk/imt_sdk_win_64/winavr/bin/../lib/gcc/avr/4.3.3/avr5\libgcc.a(_exit.o)
 *(.fini0)
                0x0000373e                _etext = .

.data           0x00800060       0x10 load address 0x0000373e
                0x00800060                PROVIDE (__data_start, .)
 *(.data)
 .data          0x00800060        0x0 e:/embeded/avr tools/03-imt sdk/03- imt sdk/imt_sdk_win_64/winavr/bin/../lib/gcc/avr/4.3.3/../../../../avr/lib/avr5/crtm32.o
 .data          0x00800060        0x0 ./DIO_programe.o
 .data          0x00800060        0x0 ./LED_program.o
 .data          0x00800060        0x0 ./TIMER_programe.o
 .data          0x00800060        0x0 ./croutine.o
 .data          0x00800060        0x0 ./heap_1.o
 .data          0x00800060        0x0 ./list.o
 .data          0x00800060        0x0 ./main.o
 .data          0x00800060        0x0 ./port.o
 .data          0x00800060        0x0 ./queue.o
 .data          0x00800060        0x5 ./tasks.o
 .data          0x00800065        0x0 ./timers.o
 .data          0x00800065        0x0 e:/embeded/avr tools/03-imt sdk/03- imt sdk/imt_sdk_win_64/winavr/bin/../lib/gcc/avr/4.3.3/avr5\libgcc.a(_exit.o)
 .data          0x00800065        0x0 e:/embeded/avr tools/03-imt sdk/03- imt sdk/imt_sdk_win_64/winavr/bin/../lib/gcc/avr/4.3.3/avr5\libgcc.a(_copy_data.o)
 .data          0x00800065        0x0 e:/embeded/avr tools/03-imt sdk/03- imt sdk/imt_sdk_win_64/winavr/bin/../lib/gcc/avr/4.3.3/avr5\libgcc.a(_clear_bss.o)
 .data          0x00800065        0x0 e:/embeded/avr tools/03-imt sdk/03- imt sdk/imt_sdk_win_64/winavr/bin/../lib/gcc/avr/4.3.3/../../../../avr/lib/avr5\libc.a(memcpy.o)
 .data          0x00800065        0x0 e:/embeded/avr tools/03-imt sdk/03- imt sdk/imt_sdk_win_64/winavr/bin/../lib/gcc/avr/4.3.3/../../../../avr/lib/avr5\libc.a(memset.o)
 .data          0x00800065        0x0 e:/embeded/avr tools/03-imt sdk/03- imt sdk/imt_sdk_win_64/winavr/bin/../lib/gcc/avr/4.3.3/../../../../avr/lib/avr5\libc.a(strncpy.o)
 *(.data*)
 .data.Led1     0x00800065        0x3 ./main.o
                0x00800065                Led1
 .data.Led2     0x00800068        0x3 ./main.o
                0x00800068                Led2
 .data.Led3     0x0080006b        0x3 ./main.o
                0x0080006b                Led3
 .data.xNextTaskUnblockTime
                0x0080006e        0x2 ./tasks.o
 *(.rodata)
 *(.rodata*)
 *(.gnu.linkonce.d*)
                0x00800070                . = ALIGN (0x2)
                0x00800070                _edata = .
                0x00800070                PROVIDE (__data_end, .)

.bss            0x00800070      0x4a7
                0x00800070                PROVIDE (__bss_start, .)
 *(.bss)
 .bss           0x00800070        0x0 e:/embeded/avr tools/03-imt sdk/03- imt sdk/imt_sdk_win_64/winavr/bin/../lib/gcc/avr/4.3.3/../../../../avr/lib/avr5/crtm32.o
 .bss           0x00800070        0x0 ./DIO_programe.o
 .bss           0x00800070        0x0 ./LED_program.o
 .bss           0x00800070        0x0 ./TIMER_programe.o
 .bss           0x00800070        0x0 ./croutine.o
 .bss           0x00800070        0x0 ./heap_1.o
 .bss           0x00800070        0x0 ./list.o
 .bss           0x00800070        0x0 ./main.o
 .bss           0x00800070        0x0 ./port.o
 .bss           0x00800070        0x0 ./queue.o
 .bss           0x00800070        0x0 ./tasks.o
 .bss           0x00800070        0x0 ./timers.o
 .bss           0x00800070        0x0 e:/embeded/avr tools/03-imt sdk/03- imt sdk/imt_sdk_win_64/winavr/bin/../lib/gcc/avr/4.3.3/avr5\libgcc.a(_exit.o)
 .bss           0x00800070        0x0 e:/embeded/avr tools/03-imt sdk/03- imt sdk/imt_sdk_win_64/winavr/bin/../lib/gcc/avr/4.3.3/avr5\libgcc.a(_copy_data.o)
 .bss           0x00800070        0x0 e:/embeded/avr tools/03-imt sdk/03- imt sdk/imt_sdk_win_64/winavr/bin/../lib/gcc/avr/4.3.3/avr5\libgcc.a(_clear_bss.o)
 .bss           0x00800070        0x0 e:/embeded/avr tools/03-imt sdk/03- imt sdk/imt_sdk_win_64/winavr/bin/../lib/gcc/avr/4.3.3/../../../../avr/lib/avr5\libc.a(memcpy.o)
 .bss           0x00800070        0x0 e:/embeded/avr tools/03-imt sdk/03- imt sdk/imt_sdk_win_64/winavr/bin/../lib/gcc/avr/4.3.3/../../../../avr/lib/avr5\libc.a(memset.o)
 .bss           0x00800070        0x0 e:/embeded/avr tools/03-imt sdk/03- imt sdk/imt_sdk_win_64/winavr/bin/../lib/gcc/avr/4.3.3/../../../../avr/lib/avr5\libc.a(strncpy.o)
 *(.bss*)
 .bss.func      0x00800070       0x20 ./TIMER_programe.o
                0x00800070                func
 .bss.pxCurrentCoRoutine
                0x00800090        0x2 ./croutine.o
                0x00800090                pxCurrentCoRoutine
 .bss.uxTopCoRoutineReadyPriority
                0x00800092        0x1 ./croutine.o
 .bss.xCoRoutineTickCount
                0x00800093        0x2 ./croutine.o
 .bss.xLastTickCount
                0x00800095        0x2 ./croutine.o
 .bss.xPassedTicks
                0x00800097        0x2 ./croutine.o
 .bss.pxReadyCoRoutineLists
                0x00800099       0x12 ./croutine.o
 .bss.xDelayedCoRoutineList1
                0x008000ab        0x9 ./croutine.o
 .bss.xDelayedCoRoutineList2
                0x008000b4        0x9 ./croutine.o
 .bss.pxDelayedCoRoutineList
                0x008000bd        0x2 ./croutine.o
 .bss.pxOverflowDelayedCoRoutineList
                0x008000bf        0x2 ./croutine.o
 .bss.xPendingReadyCoRoutineList
                0x008000c1        0x9 ./croutine.o
 .bss.xNextFreeByte
                0x008000ca        0x2 ./heap_1.o
 .bss.xHeap     0x008000cc      0x3e8 ./heap_1.o
 .bss.pxCurrentTCB
                0x008004b4        0x2 ./tasks.o
                0x008004b4                pxCurrentTCB
 .bss.uxTasksDeleted
                0x008004b6        0x1 ./tasks.o
 .bss.uxCurrentNumberOfTasks
                0x008004b7        0x1 ./tasks.o
 .bss.xTickCount
                0x008004b8        0x2 ./tasks.o
 .bss.uxTopUsedPriority
                0x008004ba        0x1 ./tasks.o
 .bss.uxTopReadyPriority
                0x008004bb        0x1 ./tasks.o
 .bss.xSchedulerRunning
                0x008004bc        0x1 ./tasks.o
 .bss.uxSchedulerSuspended
                0x008004bd        0x1 ./tasks.o
 .bss.uxMissedTicks
                0x008004be        0x1 ./tasks.o
 .bss.xMissedYield
                0x008004bf        0x1 ./tasks.o
 .bss.xNumOfOverflows
                0x008004c0        0x1 ./tasks.o
 .bss.uxTaskNumber
                0x008004c1        0x1 ./tasks.o
 .bss.pxReadyTasksLists
                0x008004c2       0x2d ./tasks.o
 .bss.xDelayedTaskList1
                0x008004ef        0x9 ./tasks.o
 .bss.xDelayedTaskList2
                0x008004f8        0x9 ./tasks.o
 .bss.pxDelayedTaskList
                0x00800501        0x2 ./tasks.o
 .bss.pxOverflowDelayedTaskList
                0x00800503        0x2 ./tasks.o
 .bss.xPendingReadyList
                0x00800505        0x9 ./tasks.o
 .bss.xTasksWaitingTermination
                0x0080050e        0x9 ./tasks.o
 *(COMMON)
                0x00800517                PROVIDE (__bss_end, .)
                0x0000373e                __data_load_start = LOADADDR (.data)
                0x0000374e                __data_load_end = (__data_load_start + SIZEOF (.data))

.noinit         0x00800517        0x0
                0x00800517                PROVIDE (__noinit_start, .)
 *(.noinit*)
                0x00800517                PROVIDE (__noinit_end, .)
                0x00800517                _end = .
                0x00800517                PROVIDE (__heap_start, .)

.eeprom         0x00810000        0x0
 *(.eeprom*)
                0x00810000                __eeprom_end = .

.fuse
 *(.fuse)
 *(.lfuse)
 *(.hfuse)
 *(.efuse)

.lock
 *(.lock*)

.signature
 *(.signature*)

.stab           0x00000000     0x55a4
 *(.stab)
 .stab          0x00000000      0xa98 ./DIO_programe.o
 .stab          0x00000a98      0x234 ./LED_program.o
                                0x2f4 (size before relaxing)
 .stab          0x00000ccc      0x4bc ./TIMER_programe.o
                                0x57c (size before relaxing)
 .stab          0x00001188      0xb34 ./croutine.o
                                0xb40 (size before relaxing)
 .stab          0x00001cbc      0x354 ./heap_1.o
                                0x624 (size before relaxing)
 .stab          0x00002010      0x474 ./list.o
                                0x750 (size before relaxing)
 .stab          0x00002484      0x30c ./main.o
                                0x6d8 (size before relaxing)
 .stab          0x00002790      0x840 ./port.o
                                0xb70 (size before relaxing)
 .stab          0x00002fd0      0xe94 ./queue.o
                               0x11d0 (size before relaxing)
 .stab          0x00003e64     0x1578 ./tasks.o
                               0x17d0 (size before relaxing)
 .stab          0x000053dc      0x1c8 ./timers.o
                                0x4c8 (size before relaxing)

.stabstr        0x00000000     0x306f
 *(.stabstr)
 .stabstr       0x00000000     0x306f ./DIO_programe.o

.stab.excl
 *(.stab.excl)

.stab.exclstr
 *(.stab.exclstr)

.stab.index
 *(.stab.index)

.stab.indexstr
 *(.stab.indexstr)

.comment
 *(.comment)

.debug
 *(.debug)

.line
 *(.line)

.debug_srcinfo
 *(.debug_srcinfo)

.debug_sfnames
 *(.debug_sfnames)

.debug_aranges
 *(.debug_aranges)

.debug_pubnames
 *(.debug_pubnames)

.debug_info
 *(.debug_info)
 *(.gnu.linkonce.wi.*)

.debug_abbrev
 *(.debug_abbrev)

.debug_line
 *(.debug_line)

.debug_frame
 *(.debug_frame)

.debug_str
 *(.debug_str)

.debug_loc
 *(.debug_loc)

.debug_macinfo
 *(.debug_macinfo)
OUTPUT(FREE_RTOS_Lap1.elf elf32-avr)
LOAD linker stubs
